2021-05-16 19:51:58 [scrapy.utils.log] INFO: Scrapy 2.5.0 started (bot: scrawlinkinpark)
2021-05-16 19:51:58 [scrapy.utils.log] INFO: Versions: lxml 4.6.3.0, libxml2 2.9.10, cssselect 1.1.0, parsel 1.6.0, w3lib 1.22.0, Twisted 21.2.0, Python 3.9.5 (default, May  5 2021, 02:58:34) - [GCC 7.5.0], pyOpenSSL 20.0.1 (OpenSSL 1.1.1k  25 Mar 2021), cryptography 3.4.7, Platform Linux-5.4.0-73-generic-x86_64-with-glibc2.28
2021-05-16 19:51:58 [scrapy.crawler] INFO: Overridden settings:
{'BOT_NAME': 'scrawlinkinpark',
 'CLOSESPIDER_TIMEOUT': 10,
 'COOKIES_ENABLED': False,
 'LOGSTATS_INTERVAL': 1,
 'LOG_LEVEL': 'INFO',
 'NEWSPIDER_MODULE': 'scrawlinkinpark.spiders',
 'SPIDER_MODULES': ['scrawlinkinpark.spiders']}
2021-05-16 19:51:58 [scrapy.extensions.telnet] INFO: Telnet Password: c672a56d61a687b9
2021-05-16 19:51:58 [scrapy.middleware] INFO: Enabled extensions:
['scrapy.extensions.corestats.CoreStats',
 'scrapy.extensions.telnet.TelnetConsole',
 'scrapy.extensions.memusage.MemoryUsage',
 'scrapy.extensions.closespider.CloseSpider',
 'scrapy.extensions.logstats.LogStats']
2021-05-16 19:51:58 [scrapy.middleware] INFO: Enabled downloader middlewares:
['scrapy.downloadermiddlewares.httpauth.HttpAuthMiddleware',
 'scrapy.downloadermiddlewares.downloadtimeout.DownloadTimeoutMiddleware',
 'scrapy.downloadermiddlewares.defaultheaders.DefaultHeadersMiddleware',
 'scrapy.downloadermiddlewares.useragent.UserAgentMiddleware',
 'scrapy.downloadermiddlewares.retry.RetryMiddleware',
 'scrapy.downloadermiddlewares.redirect.MetaRefreshMiddleware',
 'scrapy.downloadermiddlewares.httpcompression.HttpCompressionMiddleware',
 'scrapy.downloadermiddlewares.redirect.RedirectMiddleware',
 'scrapy.downloadermiddlewares.httpproxy.HttpProxyMiddleware',
 'scrapy.downloadermiddlewares.stats.DownloaderStats']
2021-05-16 19:51:58 [scrapy.middleware] INFO: Enabled spider middlewares:
['scrapy.spidermiddlewares.httperror.HttpErrorMiddleware',
 'scrapy.spidermiddlewares.offsite.OffsiteMiddleware',
 'scrapy.spidermiddlewares.referer.RefererMiddleware',
 'scrapy.spidermiddlewares.urllength.UrlLengthMiddleware',
 'scrapy.spidermiddlewares.depth.DepthMiddleware']
2021-05-16 19:51:58 [scrapy.middleware] INFO: Enabled item pipelines:
['scrawlinkinpark.pipelines.ScrawlinkinparkPipeline']
2021-05-16 19:51:58 [scrapy.core.engine] INFO: Spider opened
2021-05-16 19:51:58 [scrapy.extensions.logstats] INFO: Crawled 0 pages (at 0 pages/min), scraped 0 items (at 0 items/min)
2021-05-16 19:51:58 [scrapy.extensions.telnet] INFO: Telnet console listening on 127.0.0.1:6023
2021-05-16 19:51:59 [scrapy.extensions.logstats] INFO: Crawled 78 pages (at 4680 pages/min), scraped 0 items (at 0 items/min)
2021-05-16 19:52:00 [scrapy.extensions.logstats] INFO: Crawled 142 pages (at 3840 pages/min), scraped 0 items (at 0 items/min)
2021-05-16 19:52:01 [scrapy.extensions.logstats] INFO: Crawled 214 pages (at 4320 pages/min), scraped 0 items (at 0 items/min)
2021-05-16 19:52:02 [scrapy.extensions.logstats] INFO: Crawled 278 pages (at 3840 pages/min), scraped 0 items (at 0 items/min)
2021-05-16 19:52:03 [scrapy.extensions.logstats] INFO: Crawled 334 pages (at 3360 pages/min), scraped 0 items (at 0 items/min)
2021-05-16 19:52:04 [scrapy.extensions.logstats] INFO: Crawled 390 pages (at 3360 pages/min), scraped 0 items (at 0 items/min)
2021-05-16 19:52:05 [scrapy.extensions.logstats] INFO: Crawled 438 pages (at 2880 pages/min), scraped 0 items (at 0 items/min)
2021-05-16 19:52:06 [scrapy.extensions.logstats] INFO: Crawled 486 pages (at 2880 pages/min), scraped 0 items (at 0 items/min)
2021-05-16 19:52:07 [scrapy.extensions.logstats] INFO: Crawled 534 pages (at 2880 pages/min), scraped 0 items (at 0 items/min)
2021-05-16 19:52:08 [scrapy.core.engine] INFO: Closing spider (closespider_timeout)
2021-05-16 19:52:08 [scrapy.extensions.logstats] INFO: Crawled 582 pages (at 2880 pages/min), scraped 0 items (at 0 items/min)
2021-05-16 19:52:09 [scrapy.statscollectors] INFO: Dumping Scrapy stats:
{'downloader/request_bytes': 270373,
 'downloader/request_count': 598,
 'downloader/request_method_count/GET': 598,
 'downloader/response_bytes': 1869504,
 'downloader/response_count': 598,
 'downloader/response_status_count/200': 598,
 'elapsed_time_seconds': 10.604241,
 'finish_reason': 'closespider_timeout',
 'finish_time': datetime.datetime(2021, 5, 16, 22, 52, 9, 404354),
 'log_count/INFO': 20,
 'memusage/max': 63811584,
 'memusage/startup': 63811584,
 'request_depth_max': 21,
 'response_received_count': 598,
 'scheduler/dequeued': 598,
 'scheduler/dequeued/memory': 598,
 'scheduler/enqueued': 11959,
 'scheduler/enqueued/memory': 11959,
 'start_time': datetime.datetime(2021, 5, 16, 22, 51, 58, 800113)}
2021-05-16 19:52:09 [scrapy.core.engine] INFO: Spider closed (closespider_timeout)
